// Jest Snapshot v1, https://goo.gl/fbAQLP

exports[`Snapshot of the home page 1`] = `
<div
  className="content"
>
  <h2>
    Welcome to our Math page
  </h2>
  <p>
    Lorem, ipsum dolor sit amet consectetur adipisicing elit. Corporis qui tempora dolores ratione dignissimos nisi dolore, vel mollitia impedit recusandae. Commodi, omnis? Impedit eius doloribus eum tempore ullam placeat nostrum!Lorem, ipsum dolor sit amet consectetur adipisicing elit. Corporis qui tempora dolores ratione dignissimos nisi dolore, vel mollitia impedit recusandae. Commodi, omnis? Impedit eius doloribus eum tempore ullam placeat nostrum!
    <br />
    <br />
    Lorem, ipsum dolor sit amet consectetur adipisicing elit. Corporis qui tempora dolores ratione dignissimos nisi dolore, vel mollitia impedit recusandae. Commodi, omnis? Impedit eius doloribus eum tempore ullam placeat nostrum!Lorem, ipsum dolor sit amet consectetur adipisicing elit. Corporis qui tempora dolores ratione dignissimos nisi dolore, vel mollitia impedit recusandae. Commodi, omnis? Impedit eius doloribus eum tempore ullam
  </p>
</div>
`;
